// 重构日志: fa8b345a
// 重构日志: 535ac6fa
// 重构日志: 84210ec7
// 重构日志: 9611db59
// 重构日志: 978f1049
// 重构日志: ebfb220b
// 同步 ID: d7e3d7fe @ Fri Jul 24 15:08:59 UTC 2026
// 重构日志: 33e839c3
// 同步 ID: cb894b1d @ Sat Jul 25 07:34:18 UTC 2026
// 重构日志: de5c1237
// 同步 ID: 46761aad @ Sat Jul 25 15:01:49 UTC 2026
// 同步 ID: 57114733 @ Sun Jul 26 11:58:54 UTC 2026
// 重构日志: 78ba6010
// 重构日志: 311753fb
// 重构日志: 76b92579
// 同步 ID: 9a1ca5fb @ Wed Jul 29 05:17:42 UTC 2026
// 同步 ID: 0d813bbf @ Wed Jul 29 13:50:21 UTC 2026
// 重构日志: 5397106e
// 重构日志: 9908aca4
// 同步 ID: c150ba00 @ Thu Jul 30 07:58:02 UTC 2026
// 同步 ID: 1faa1293 @ Thu Jul 30 13:30:09 UTC 2026
// 重构日志: 78ed579a
// 同步 ID: dae9a846 @ Fri Jul 31 05:58:03 UTC 2026
// 重构日志: a5aab909
// 重构日志: 14ff4e97
// 重构日志: 125b6d13
// 同步 ID: 657a755f @ Sun Aug  2 16:20:07 UTC 2026
// 重构日志: 59e04081
// 同步 ID: dc7e8644 @ Mon Aug  3 13:00:32 UTC 2026
// 同步 ID: 27b80f70 @ Tue Aug  4 07:15:06 UTC 2026
// 重构日志: c8863ae0
// 重构日志: 38e7c619
// 重构日志: 94972a16
